2026-08-17 09:15:23 - Initialized foundational project guidelines
2026-08-17 11:30:12 - Documented local-first storage architecture patterns
2026-08-17 14:22:45 - Added documentation for client-side cryptographic unique identifiers
2026-08-17 16:05:18 - Outlined credit card invoice and due date calculation standards
2026-08-17 17:45:30 - Defined dynamic target savings/reserve balance formulas
2026-08-19 09:20:11 - Defined theme variable tokens and UX spacing invariants
2026-08-19 10:35:44 - Added HTML sanitization requirements to prevent client-side XSS injection
2026-08-19 11:50:18 - Documented ARIA labels and keyboard semantic markups
2026-08-19 13:15:02 - Specified test-driven development cycle and Vitest policies
2026-08-19 14:40:55 - Outlined starting databases with zero entries except base categories
2026-08-19 15:30:21 - Documented Vite building commands and server configuration
2026-08-19 16:55:10 - Added performance guidelines for synchronous RAM-based lookups
2026-08-19 18:10:37 - Visualized folder scopes and individual module boundaries
2026-08-20 10:05:14 - Expanded requirements for real-time invoice simulation on credit selections
2026-08-20 14:30:22 - Outlined balance exclusion behavior for target goals deposits
2026-08-20 16:45:51 - Highlighted advantages of functional pure algorithms in store calculations
2026-08-21 09:40:05 - Outlined verification scenarios for offline operation on dev build
2026-08-21 11:15:33 - Described secure DOM writing to suppress potential XSS
2026-08-21 12:50:12 - Re-enforced static layout invariants on dynamic hover triggers
2026-08-21 14:10:47 - Added subdirectory-scoped guidelines specification mapping
2026-08-21 15:55:19 - Detailed the JSON schema under LocalStorage keys hierarchy
2026-08-21 17:20:01 - Created release readiness checklist for technical specifications audit
2026-08-22 09:30:15 - Documented automatic dark mode styling rules and standards
2026-08-22 11:45:22 - Added specifications for in-memory buffer state sync
2026-08-22 14:15:37 - Detailed transaction queue serialization rules
2026-08-22 16:30:50 - Documented cross-browser premium scrollbar styling rules
2026-08-23 10:10:05 - Added schema validation and data integrity controls
2026-08-23 11:55:18 - Documented client-side JSON export encryption rules
2026-08-23 13:40:42 - Specified text-matching weights for category predictions
2026-08-23 15:15:29 - Added flexbox grid constraints for high-density tables
2026-08-23 17:05:12 - Polished dynamic focus ring transitions standards
2026-08-27 10:15:22 - Compiled post-release technical audit data after initial deployment
2026-08-27 11:45:03 - Formulated feedback on savings goal interactive panel metrics
2026-08-27 14:20:41 - Added historical context on the corrected multi-month calculations regression
2026-08-27 16:10:55 - Polished assets verification script and directory structure map
2026-08-28 09:10:12 - Established design goals and milestones for future release roadmap
2026-08-28 10:45:30 - Outlined requirements for local browser CSV downloads
2026-08-28 11:55:04 - Documented performance stats of large JSON files parse thresholds
2026-08-28 13:40:18 - Documented requirements for semantic inline icon libraries
2026-08-28 14:50:49 - Specified multi-currency symbols formatting standards
2026-08-28 16:05:22 - Reviewed storage thresholds on mobile browsers for LocalStorage
2026-08-28 17:35:11 - Outlined SVG-based interactive calculation visualization patterns
2026-08-30 09:25:10 - Outlined memory protection guidelines for client session data
2026-08-30 11:10:33 - Documented SVG coordinate calculations for donut charts
2026-08-30 12:45:51 - Outlined full-text indexing thresholds for transaction lookups
2026-08-30 14:30:19 - Documented dynamic chunk division and code splitting bounds
2026-08-30 15:55:04 - Documented printing styles and margins for custom PDF exports
